[2026-03-12 12:19:58] 🚀 Démarrage du pipeline complet
[2026-03-12 12:19:58] ▶️ Étape 1 : Collecte des données
[2026-03-12 12:19:59] ✔️ Collecte terminée
[2026-03-12 12:19:59] ▶️ Étape 2 : Agrégation & nettoyage
[2026-03-12 12:20:00] ✔️ Agrégation terminée
[2026-03-12 12:20:00] ▶️ Étape 3 : Import dans la base finale
[2026-03-12 12:20:01] ✔️ Import SQL terminé
[2026-03-12 12:20:01] 🎉 Pipeline terminé avec succès
[2026-05-28 13:34:20] 🌐 Scraping Wikipedia — moteurs aéro...
[2026-05-28 13:35:10] 🌐 Scraping Wikipedia — moteurs aéro...
[2026-05-28 13:36:20] 🌐 Scraping Wikipedia — moteurs aéro...
[2026-05-28 13:36:20] ✔️ Scraping terminé : 3 lignes récupérées
[2026-05-28 13:36:20] 💾 Fichier créé : data/processed/scrape_data.csv
[2026-05-28 13:37:04] 🌐 Scraping Wikipedia — moteurs aéro...
[2026-05-28 13:37:04] ⚠️ Aucun tableau trouvé sur la page Wikipedia.
[2026-05-28 13:37:37] 🌐 Scraping Wikipedia — moteurs aéro...
[2026-05-28 13:38:10] 🌐 Scraping Wikipedia — moteurs aéro...
[2026-05-28 13:38:11] ✔️ Scraping terminé : 9 lignes récupérées
[2026-05-28 13:38:11] 💾 Fichier créé : data/processed/scrape_data.csv
[2026-05-28 13:39:37] 🚀 DÉMARRAGE DE LA COLLECTE MULTI-SOURCES NASA
[2026-05-28 13:39:37] 📡 Collecte depuis API REST...
[2026-05-28 13:39:37] ✔️ API : 100 lignes récupérées
[2026-05-28 13:39:37] 📁 Collecte depuis fichiers CSV NASA...
[2026-05-28 13:39:38] ✔️ CSV : 61893 lignes récupérées
[2026-05-28 13:39:38] 🗄️ Collecte depuis base SQL NASA...
[2026-05-28 13:39:38] ✔️ SQL : 20631 lignes récupérées
[2026-05-28 13:39:38] 📦 Collecte depuis source big data NASA...
[2026-05-28 13:39:38] ✔️ Big Data : 41262 lignes récupérées
[2026-05-28 13:39:38] 🌐 Collecte depuis scraping Wikipedia...
[2026-05-28 13:39:38] 🌐 Scraping Wikipedia — moteurs aéro...
[2026-05-28 13:39:38] ✔️ Scraping terminé : 9 lignes récupérées
[2026-05-28 13:39:38] ✔️ Scraping : 9 lignes récupérées
[2026-05-28 13:39:38] 💾 Données sauvegardées dans data/processed/
[2026-05-28 13:39:38] 🎉 Collecte terminée.
